{"logTime": "0423/062041", "correlationVector":"LIoW20jX3pDauGLiDIopG8.1","action":"SyncServerConnectionManagerRequest", "result":"SYNC_SERVER_OK", "context":{"environment":"Prod_southindia_prod-s01-004-apac-southindia", "migrationStage":"NotStarted", "server":"akswtt01100003o"}}
{"logTime": "0423/062041", "correlationVector":"LIoW20jX3pDauGLiDIopG8.2","action":"ProcessGetUpdates", "result":"Done", "context":{"dataType":"Encryption Keys", "deleted":"0", "process_failed_to_decrypt":"0", "process_pending_decryption":"0", "process_success":"1", "total":"1"}}
{"logTime": "0423/062042", "correlationVector":"Az+JR/ygc5eV7EY5l06UWY","action":"SyncServerConnectionManagerRequest", "result":"SYNC_SERVER_OK", "context":{"environment":"", "migrationStage":"", "server":""}}
{"logTime": "0423/062042", "correlationVector":"Az+JR/ygc5eV7EY5l06UWY.0","action":"EncryptionKeysFetcher.DownloadKeys:", "result":"Success", "context":Key count: 3, Last key timestamp: 2024-11-11T18:48:22Z}
{"logTime": "0423/062042", "correlationVector":"Az+JR/ygc5eV7EY5l06UWY.1","action":"EncryptionKeysManager::SetEncryptionKeys:", "result":"Success", "context":Key names[3]:[XkT/gMAprnaARAjpEm7MOQgf97g1XdXYaCsRPYMhvPGDSSS/98uvEcS25TDSS6TgDkmu34H3NoOsBLwEjgFawg==][MNzk/tkWDLJ99j0ROu12KvBtbWNpV49b5L7yDwDN4YgpDT/r7EtfAqW9EmMbbYpCa8PuwKYoSQhToZvl47hrzw==][zMghiK0G32K79GBZkkO7KSZMJ90yuPrfY/AQA5QF5JCGqafWSIBw9Wb9FhdBrezTOqZ58/2g2qmsmBQ+vUf9UQ==]}
{"logTime": "0423/062042", "correlationVector":"Az+JR/ygc5eV7EY5l06UWY.2","action":"EncryptionKeysManager::SetEncryptionKeysWithTimestamps:", "result":"Success", "context":Key timestamps[3]:[2023-11-15T12:47:54Z][2024-05-14T14:49:36Z][2024-11-11T18:48:22Z]}
{"logTime": "0423/062042", "correlationVector":"LIoW20jX3pDauGLiDIopG8","action":"Initial GetUpdates", "result":"", "context":Reason: NEW_CLIENT. cV=LIoW20jX3pDauGLiDIopG8}
{"logTime": "0423/062042", "correlationVector":"LIoW20jX3pDauGLiDIopG8.3","action":"GetUpdates Response", "result":"Success", "context":Received 1 update(s). cV=LIoW20jX3pDauGLiDIopG8.0;server=akswtt01100003o;cloudType=Consumer;environment=Prod_southindia_prod-s01-004-apac-southindia;migrationStage=NotStarted}
{"logTime": "0423/062042", "correlationVector":"T9e8aRsThh3QHIX6uDCQ6l","action":"Initial GetUpdates", "result":"", "context":Reason: NEWLY_SUPPORTED_DATATYPE. cV=T9e8aRsThh3QHIX6uDCQ6l}
{"logTime": "0423/062042", "correlationVector":"T9e8aRsThh3QHIX6uDCQ6l.1","action":"SyncServerConnectionManagerRequest", "result":"SYNC_SERVER_OK", "context":{"environment":"Prod_southindia_prod-s01-004-apac-southindia", "migrationStage":"NotStarted", "server":"akswtt01100002l"}}
{"logTime": "0423/062042", "correlationVector":"T9e8aRsThh3QHIX6uDCQ6l.2","action":"ProcessGetUpdates", "result":"Done", "context":{"dataType":"Preferences", "deleted":"1", "process_failed_to_decrypt":"0", "process_pending_decryption":"0", "process_success":"89", "total":"89"}}
{"logTime": "0423/062042", "correlationVector":"T9e8aRsThh3QHIX6uDCQ6l.3","action":"ProcessGetUpdates", "result":"Done", "context":{"dataType":"Passwords", "deleted":"1", "process_failed_to_decrypt":"0", "process_pending_decryption":"0", "process_success":"84", "total":"84"}}
{"logTime": "0423/062042", "correlationVector":"T9e8aRsThh3QHIX6uDCQ6l.4","action":"ProcessGetUpdates", "result":"Done", "context":{"dataType":"Device Info", "deleted":"0", "process_failed_to_decrypt":"0", "process_pending_decryption":"0", "process_success":"4", "total":"4"}}
{"logTime": "0423/062042", "correlationVector":"T9e8aRsThh3QHIX6uDCQ6l.5","action":"GetUpdates Response", "result":"Success", "context":Received 177 update(s). cV=T9e8aRsThh3QHIX6uDCQ6l.0;server=akswtt01100002l;cloudType=Consumer;environment=Prod_southindia_prod-s01-004-apac-southindia;migrationStage=NotStarted}
{"logTime": "0423/062042", "correlationVector":"smkkjwio60PmkN/w+ogouz","action":"Initial GetUpdates", "result":"", "context":Reason: NEWLY_SUPPORTED_DATATYPE. cV=smkkjwio60PmkN/w+ogouz}
{"logTime": "0423/062042", "correlationVector":"smkkjwio60PmkN/w+ogouz.1","action":"SyncServerConnectionManagerRequest", "result":"SYNC_SERVER_OK", "context":{"environment":"Prod_southindia_prod-s01-004-apac-southindia", "migrationStage":"NotStarted", "server":"akswtt011000022"}}
{"logTime": "0423/062042", "correlationVector":"smkkjwio60PmkN/w+ogouz.2","action":"ProcessGetUpdates", "result":"Done", "context":{"dataType":"Bookmarks", "deleted":"3", "process_failed_to_decrypt":"0", "process_pending_decryption":"0", "process_success":"16", "total":"16"}}
{"logTime": "0423/062042", "correlationVector":"smkkjwio60PmkN/w+ogouz.3","action":"GetUpdates Response", "result":"Success", "context":Received 16 update(s). cV=smkkjwio60PmkN/w+ogouz.0;server=akswtt011000022;cloudType=Consumer;environment=Prod_southindia_prod-s01-004-apac-southindia;migrationStage=NotStarted}
{"logTime": "0423/062042", "correlationVector":"0/Ncob5WfcLivhLF7uwtDT","action":"Initial GetUpdates", "result":"", "context":Reason: NEWLY_SUPPORTED_DATATYPE. cV=0/Ncob5WfcLivhLF7uwtDT}
{"logTime": "0423/062043", "correlationVector":"0/Ncob5WfcLivhLF7uwtDT.1","action":"SyncServerConnectionManagerRequest", "result":"SYNC_SERVER_OK", "context":{"environment":"Prod_southindia_prod-s01-004-apac-southindia", "migrationStage":"NotStarted", "server":"akswtt01100002l"}}
{"logTime": "0423/062043", "correlationVector":"0/Ncob5WfcLivhLF7uwtDT.2","action":"ProcessGetUpdates", "result":"Done", "context":{"dataType":"Autofill Profiles", "deleted":"0", "process_failed_to_decrypt":"0", "process_pending_decryption":"0", "process_success":"6", "total":"6"}}
{"logTime": "0423/062043", "correlationVector":"0/Ncob5WfcLivhLF7uwtDT.3","action":"ProcessGetUpdates", "result":"Done", "context":{"dataType":"Autofill", "deleted":"0", "process_failed_to_decrypt":"0", "process_pending_decryption":"0", "process_success":"35", "total":"35"}}
{"logTime": "0423/062043", "correlationVector":"0/Ncob5WfcLivhLF7uwtDT.4","action":"ProcessGetUpdates", "result":"Done", "context":{"dataType":"Extensions", "deleted":"0", "process_failed_to_decrypt":"0", "process_pending_decryption":"0", "process_success":"1", "total":"1"}}
{"logTime": "0423/062043", "correlationVector":"0/Ncob5WfcLivhLF7uwtDT.5","action":"ProcessGetUpdates", "result":"Done", "context":{"dataType":"Sessions", "deleted":"115", "process_failed_to_decrypt":"0", "process_pending_decryption":"0", "process_success":"118", "total":"118"}}
{"logTime": "0423/062043", "correlationVector":"0/Ncob5WfcLivhLF7uwtDT.6","action":"ProcessGetUpdates", "result":"Done", "context":{"dataType":"History Delete Directives", "deleted":"0", "process_failed_to_decrypt":"0", "process_pending_decryption":"0", "process_success":"2", "total":"2"}}
{"logTime": "0423/062043", "correlationVector":"0/Ncob5WfcLivhLF7uwtDT.7","action":"ProcessGetUpdates", "result":"Done", "context":{"dataType":"Web Apps", "deleted":"0", "process_failed_to_decrypt":"0", "process_pending_decryption":"0", "process_success":"1", "total":"1"}}
{"logTime": "0423/062043", "correlationVector":"0/Ncob5WfcLivhLF7uwtDT.8","action":"ProcessGetUpdates", "result":"Done", "context":{"dataType":"Edge Hub App Usage", "deleted":"14", "process_failed_to_decrypt":"0", "process_pending_decryption":"0", "process_success":"16", "total":"16"}}
{"logTime": "0423/062043", "correlationVector":"0/Ncob5WfcLivhLF7uwtDT.9","action":"GetUpdates Response", "result":"Success", "context":Received 179 update(s). cV=0/Ncob5WfcLivhLF7uwtDT.0;server=akswtt01100002l;cloudType=Consumer;environment=Prod_southindia_prod-s01-004-apac-southindia;migrationStage=NotStarted}
{"logTime": "0423/062043", "correlationVector":"NxIPZpgU9ypocjNJVVYaCp","action":"Initial GetUpdates", "result":"", "context":Reason: NEWLY_SUPPORTED_DATATYPE. cV=NxIPZpgU9ypocjNJVVYaCp}
{"logTime": "0423/062043", "correlationVector":"NxIPZpgU9ypocjNJVVYaCp.1","action":"SyncServerConnectionManagerRequest", "result":"SYNC_SERVER_OK", "context":{"environment":"Prod_southindia_prod-s01-004-apac-southindia", "migrationStage":"NotStarted", "server":"akswtt01100004q"}}
{"logTime": "0423/062043", "correlationVector":"NxIPZpgU9ypocjNJVVYaCp.2","action":"ProcessGetUpdates", "result":"Done", "context":{"dataType":"History", "deleted":"142", "process_failed_to_decrypt":"0", "process_pending_decryption":"0", "process_success":"142", "total":"142"}}
{"logTime": "0423/062043", "correlationVector":"NxIPZpgU9ypocjNJVVYaCp.3","action":"GetUpdates Response", "result":"Success", "context":Received 142 update(s). cV=NxIPZpgU9ypocjNJVVYaCp.0;server=akswtt01100004q;cloudType=Consumer;environment=Prod_southindia_prod-s01-004-apac-southindia;migrationStage=NotStarted}
{"logTime": "0423/062043", "correlationVector":"kcnj8v6oKRSPLNgHq4nIbS","action":"Normal GetUpdate request", "result":"", "context":cV=kcnj8v6oKRSPLNgHq4nIbS
Nudged types: Bookmarks, Preferences, Sessions, Device Info, User Consents
Refresh requested types: Bookmarks, Preferences, Passwords, Autofill Profiles, Autofill, Extensions, Sessions, Extension settings, History Delete Directives, Device Info, User Consents, Send Tab To Self, Web Apps, History, Saved Tab Group, Collection, Edge E Drop, Edge Hub App Usage, Edge Tab Group, Edge Wallet, Encryption Keys}
{"logTime": "0423/062043", "correlationVector":"kcnj8v6oKRSPLNgHq4nIbS.1","action":"SyncServerConnectionManagerRequest", "result":"SYNC_SERVER_OK", "context":{"environment":"Prod_southindia_prod-s01-004-apac-southindia", "migrationStage":"NotStarted", "server":"akswtt01100003a"}}
{"logTime": "0423/062043", "correlationVector":"kcnj8v6oKRSPLNgHq4nIbS.2","action":"GetUpdates Response", "result":"Success", "context":Received 0 update(s). cV=kcnj8v6oKRSPLNgHq4nIbS.0;server=akswtt01100003a;cloudType=Consumer;environment=Prod_southindia_prod-s01-004-apac-southindia;migrationStage=NotStarted}
{"logTime": "0423/062043", "correlationVector":"FW3dAbXkB1hQf2ICnxjJMd","action":"Commit Request", "result":"", "context":Item count: 13
Contributing types: Bookmarks, Preferences, Sessions, Device Info, User Consents}
{"logTime": "0423/062045", "correlationVector":"FW3dAbXkB1hQf2ICnxjJMd.1","action":"SyncServerConnectionManagerRequest", "result":"SYNC_SERVER_OK", "context":{"environment":"Prod_southindia_prod-s01-004-apac-southindia", "migrationStage":"NotStarted", "server":"akswtt011000053"}}
{"logTime": "0423/062045", "correlationVector":"FW3dAbXkB1hQf2ICnxjJMd.2","action":"Commit Response", "result":"Success", "context":Result: Success. cV=FW3dAbXkB1hQf2ICnxjJMd.0;server=akswtt011000053;cloudType=Consumer;environment=Prod_southindia_prod-s01-004-apac-southindia;migrationStage=NotStarted}
{"logTime": "0423/062050", "correlationVector":"dHRkTkPJ2Az4EhLOj6wkGo","action":"Commit Request", "result":"", "context":Item count: 3
Contributing types: Sessions, History, Edge Hub App Usage}
{"logTime": "0423/062051", "correlationVector":"dHRkTkPJ2Az4EhLOj6wkGo.1","action":"SyncServerConnectionManagerRequest", "result":"SYNC_SERVER_OK", "context":{"environment":"Prod_southindia_prod-s01-004-apac-southindia", "migrationStage":"NotStarted", "server":"akswtt01100002t"}}
{"logTime": "0423/062051", "correlationVector":"dHRkTkPJ2Az4EhLOj6wkGo.2","action":"Commit Response", "result":"Success", "context":Result: Success. cV=dHRkTkPJ2Az4EhLOj6wkGo.0;server=akswtt01100002t;cloudType=Consumer;environment=Prod_southindia_prod-s01-004-apac-southindia;migrationStage=NotStarted}
{"logTime": "0423/062107", "correlationVector":"06dfwLDLVuF04A/RjE18DG","action":"Commit Request", "result":"", "context":Item count: 1
Contributing types: Preferences}
{"logTime": "0423/062107", "correlationVector":"06dfwLDLVuF04A/RjE18DG.1","action":"SyncServerConnectionManagerRequest", "result":"SYNC_SERVER_OK", "context":{"environment":"Prod_southindia_prod-s01-004-apac-southindia", "migrationStage":"NotStarted", "server":"akswtt01100005m"}}
{"logTime": "0423/062107", "correlationVector":"06dfwLDLVuF04A/RjE18DG.2","action":"Commit Response", "result":"Success", "context":Result: Success. cV=06dfwLDLVuF04A/RjE18DG.0;server=akswtt01100005m;cloudType=Consumer;environment=Prod_southindia_prod-s01-004-apac-southindia;migrationStage=NotStarted}
{"logTime": "0423/062531", "correlationVector":"NPT4gzdipUD4DaaC10WmDT","action":"Commit Request", "result":"", "context":Item count: 7
Contributing types: Sessions, History}
{"logTime": "0423/062532", "correlationVector":"NPT4gzdipUD4DaaC10WmDT.1","action":"SyncServerConnectionManagerRequest", "result":"SYNC_SERVER_OK", "context":{"environment":"Prod_southindia_prod-s01-004-apac-southindia", "migrationStage":"NotStarted", "server":"akswtt01100005m"}}
{"logTime": "0423/062532", "correlationVector":"NPT4gzdipUD4DaaC10WmDT.2","action":"Commit Response", "result":"Success", "context":Result: Success. cV=NPT4gzdipUD4DaaC10WmDT.0;server=akswtt01100005m;cloudType=Consumer;environment=Prod_southindia_prod-s01-004-apac-southindia;migrationStage=NotStarted}
{"logTime": "0423/062833", "correlationVector":"49xHpBqgu4Re2F8yVT2MZV","action":"Commit Request", "result":"", "context":Item count: 4
Contributing types: Sessions, History}
{"logTime": "0423/062834", "correlationVector":"49xHpBqgu4Re2F8yVT2MZV.1","action":"SyncServerConnectionManagerRequest", "result":"SYNC_SERVER_OK", "context":{"environment":"Prod_southindia_prod-s01-004-apac-southindia", "migrationStage":"NotStarted", "server":"akswtt011000024"}}
{"logTime": "0423/062834", "correlationVector":"49xHpBqgu4Re2F8yVT2MZV.2","action":"Commit Response", "result":"Success", "context":Result: Success. cV=49xHpBqgu4Re2F8yVT2MZV.0;server=akswtt011000024;cloudType=Consumer;environment=Prod_southindia_prod-s01-004-apac-southindia;migrationStage=NotStarted}
